******************************************************************************
          TMS320C6x COFF Linker PC v6.0.8                      
******************************************************************************
>> Linked Fri Jun 29 15:13:03 2018

OUTPUT FILE NAME:   <./Debug/PrewittEdgeloop2.out>
ENTRY POINT SYMBOL: "_c_int00"  address: 00008ac0


MEMORY CONFIGURATION

         name            origin    length      used     unused   attr    fill
----------------------  --------  ---------  --------  --------  ----  --------
  L2                    00000000   00040000  0000a520  00035ae0  RWIX
  CE01                  80000000   00100000  000ceb80  00031480  RWIX
  CE02                  80100000   0f000000  000ceb80  0ef31480  RWIX


SECTION ALLOCATION MAP

 output                                  attributes/
section   page    origin      length       input sections
--------  ----  ----------  ----------   ----------------
.capChaAYSpace 
*          0    80000000    000675c0     UNINITIALIZED
                  80000000    000675c0     vportcap.obj (.capChaAYSpace)

.capChaACbSpace 
*          0    800675c0    00033ae0     UNINITIALIZED
                  800675c0    00033ae0     vportcap.obj (.capChaACbSpace)

.capChaACrSpace 
*          0    8009b0a0    00033ae0     UNINITIALIZED
                  8009b0a0    00033ae0     vportcap.obj (.capChaACrSpace)

.external 
*          0    80100000    00000000     UNINITIALIZED

.disChaAYSpace 
*          0    80100000    000675c0     UNINITIALIZED
                  80100000    000675c0     vportdis.obj (.disChaAYSpace)

.disChaACbSpace 
*          0    801675c0    00033ae0     UNINITIALIZED
                  801675c0    00033ae0     vportdis.obj (.disChaACbSpace)

.disChaACrSpace 
*          0    8019b0a0    00033ae0     UNINITIALIZED
                  8019b0a0    00033ae0     vportdis.obj (.disChaACrSpace)

.cio       0    00000000    00000000     UNINITIALIZED

.const     0    00000000    00000000     UNINITIALIZED

.data      0    00000000    00000000     UNINITIALIZED

.sysmem    0    00000000    00000000     UNINITIALIZED

.tables    0    00000000    00000000     UNINITIALIZED

.text      0    00000000    00008e00     
                  00000000    00002a80     dm642main.obj (.text)
                  00002a80    00000ae0     vportdis.obj (.text)
                  00003560    00000a80     vportcap.obj (.text)
                  00003fe0    00000800     iic.obj (.text)
                  000047e0    000003e0     rts6400.lib : cosf.obj (.text:_cosf)
                  00004bc0    00000380                 : sinf.obj (.text:_sinf)
                  00004f40    00000340     cslDM642.lib : csl_dat.obj (.text:_DAT_open)
                  00005280    00000340     rts6400.lib : atan.obj (.text:_atan)
                  000055c0    00000320                 : frcdivd.obj (.text:__frcdivd)
                  000058e0    00000240                 : frcaddd.obj (.text:__frcaddd)
                  00005b20    000000e0     seed_cpld.obj (.text)
                  00005c00    00000200     ves_dm642.obj (.text:vecs)
                  00005e00    000001e0     cslDM642.lib : csl_edma.obj (.text:_EDMA_open)
                  00005fe0    000001e0                  : csl_irq.obj (.text:_IRQ_map)
                  000061c0    000001e0     rts6400.lib : atan2.obj (.text:_atan2)
                  000063a0    000001c0     cslDM642.lib : csl_edma.obj (.text:_EDMA_allocTable)
                  00006560    000001c0     rts6400.lib : divd.obj (.text:__divd)
                  00006720    000001c0                 : mpyd.obj (.text:__mpyd)
                  000068e0    000001c0                 : frexp.obj (.text:_frexp)
                  00006aa0    000001a0     cslDM642.lib : csl.obj (.text:__CSL_init)
                  00006c40    00000180                  : csl_dat_.obj (.text:_DAT_copy)
                  00006dc0    00000180                  : csl_i2c.obj (.text:_I2C_reset)
                  00006f40    00000180                  : csl_vp.obj (.text:_VP_reset)
                  000070c0    00000180     rts6400.lib : addf.obj (.text:__addf)
                  00007240    00000160                 : addd.obj (.text:__addd)
                  000073a0    00000160                 : mpyf.obj (.text:__mpyf)
                  00007500    00000140     cslDM642.lib : csl_timer.obj (.text:_TIMER_open)
                  00007640    00000120     rts6400.lib : frcmpyd.obj (.text:__frcmpyd)
                  00007760    00000100     cslDM642.lib : csl_edma.obj (.text:_EDMA_intAlloc)
                  00007860    00000100                  : csl_timer.obj (.text:_TIMER_reset)
                  00007960    00000100     rts6400.lib : autoinit.obj (.text:__auto_init)
                  00007a60    00000100                 : divi.obj (.text:__divi)
                  00007b60    00000100                 : roundf.obj (.text:__roundf)
                  00007c60    00000100                 : exit.obj (.text:_exit)
                  00007d60    000000e0     cslDM642.lib : csl_dat_.obj (.text:_DAT_wait)
                  00007e40    000000e0                  : csl_edma.obj (.text:_EDMA_reset)
                  00007f20    000000e0                  : csl_vp.obj (.text:_VP_open)
                  00008000    000000e0     rts6400.lib : memcpy64.obj (.text:_memcpy)
                  000080e0    000000c0     cslDM642.lib : csl_i2c.obj (.text:_I2C_open)
                  000081a0    000000c0                  : csl_irq.obj (.text:_mux2Tables)
                  00008260    000000a0                  : csl_edma.obj (.text:_EDMA_disableChannel)
                  00008300    000000a0                  : csl_edma.obj (.text:_EDMA_enableChannel)
                  000083a0    000000a0     rts6400.lib : cmpd.obj (.text:__cmpd)
                  00008440    000000a0                 : cvtdf.obj (.text:__cvtdf)
                  000084e0    000000a0                 : fixdi.obj (.text:__fixdi)
                  00008580    000000a0                 : fixfi.obj (.text:__fixfi)
                  00008620    000000a0     cslDM642.lib : csl_irq.obj (.text:_getMux)
                  000086c0    000000a0     rts6400.lib : modff.obj (.text:_modff)
                  00008760    000000a0                 : renormd.obj (.text:_renormd)
                  00008800    000000a0     cslDM642.lib : csl_irq.obj (.text:_setMux)
                  000088a0    00000080                  : csl_irq.obj (.text:__IRQ_init)
                  00008920    00000080     rts6400.lib : cmpf.obj (.text:__cmpf)
                  000089a0    00000060                 : cvtfd.obj (.text:__cvtfd)
                  00008a00    00000060                 : fltid.obj (.text:__fltid)
                  00008a60    00000060                 : fltif.obj (.text:__fltif)
                  00008ac0    00000060                 : boot.obj (.text:_c_int00)
                  00008b20    00000040     cslDM642.lib : csl_edma.obj (.text:_EDMA_clearChannel)
                  00008b60    00000040                  : csl_edma.obj (.text:_EDMA_intFree)
                  00008ba0    00000040     rts6400.lib : args_main.obj (.text:__args_main)
                  00008be0    00000040                 : frcmpyf.obj (.text:__frcmpyf)
                  00008c20    00000040                 : negd.obj (.text:__negd)
                  00008c60    00000040                 : negf.obj (.text:__negf)
                  00008ca0    00000040                 : subd.obj (.text:__subd)
                  00008ce0    00000040                 : subf.obj (.text:__subf)
                  00008d20    00000020     ves_dm642.obj (.text)
                  00008d40    00000020     cslDM642.lib : csl_irq.obj (.text)
                  00008d60    00000020                  : csl.obj (.text:_CSLDM642_LIB_)
                  00008d80    00000020                  : csl_irq.obj (.text:_IRQ_setVecs)
                  00008da0    00000020     rts6400.lib : _lock.obj (.text:__nop)
                  00008dc0    00000020                 : truncf.obj (.text:__truncf)
                  00008de0    00000020                 : exit.obj (.text:_abort)

.cinit     0    00008e00    00000aa4     
                  00008e00    00000208     _tvp51xx.obj (.cinit)
                  00009008    000001f9     dm642main.obj (.cinit)
                  00009201    00000007     --HOLE-- [fill = 0]
                  00009208    0000012c     cslDM642.lib : csl_irq.obj (.cinit)
                  00009334    00000004     --HOLE-- [fill = 0]
                  00009338    000000be     _sa7121h.obj (.cinit)
                  000093f6    00000002     --HOLE-- [fill = 0]
                  000093f8    000000a4     cslDM642.lib : csl_vp.obj (.cinit)
                  0000949c    00000004     --HOLE-- [fill = 0]
                  000094a0    0000008c     vportcap.obj (.cinit)
                  0000952c    00000004     --HOLE-- [fill = 0]
                  00009530    00000088     cslDM642.lib : csl_edma.obj (.cinit)
                  000095b8    00000074                  : csl_dat.obj (.cinit)
                  0000962c    00000004     --HOLE-- [fill = 0]
                  00009630    00000070     rts6400.lib : atan.obj (.cinit)
                  000096a0    0000005c     vportdis.obj (.cinit)
                  000096fc    00000004     --HOLE-- [fill = 0]
                  00009700    0000005c     cslDM642.lib : csl_timer.obj (.cinit)
                  0000975c    00000004     --HOLE-- [fill = 0]
                  00009760    00000050     iic.obj (.cinit)
                  000097b0    0000003c     cslDM642.lib : csl.obj (.cinit)
                  000097ec    00000004     --HOLE-- [fill = 0]
                  000097f0    0000002c     rts6400.lib : exit.obj (.cinit)
                  0000981c    00000004     --HOLE-- [fill = 0]
                  00009820    0000001c     cslDM642.lib : csl_i2c.obj (.cinit)
                  0000983c    00000004     --HOLE-- [fill = 0]
                  00009840    0000001c     rts6400.lib : _lock.obj (.cinit)
                  0000985c    00000004     --HOLE-- [fill = 0]
                  00009860    00000018                 : sinf.obj (.cinit)
                  00009878    00000018                 : cosf.obj (.cinit)
                  00009890    0000000c                 : errno.obj (.cinit)
                  0000989c    00000008     --HOLE-- [fill = 0]

.far       0    000098a8    00000784     UNINITIALIZED
                  000098a8    00000240     _tvp51xx.obj (.far)
                  00009ae8    00000100     cslDM642.lib : csl_irq.obj (.far)
                  00009be8    000000ba     _sa7121h.obj (.far)
                  00009ca4    00000004     rts6400.lib : errno.obj (.far)
                  00009ca8    0000009c     cslDM642.lib : csl_vp.obj (.far)
                  00009d48    00000090     rts6400.lib : exit.obj (.far)
                  00009dd8    00000060     cslDM642.lib : csl_edma.obj (.far)
                  00009e38    00000060     rts6400.lib : atan.obj (.far)
                  00009e98    00000054     dm642main.obj (.far)
                  00009ef0    00000052     cslDM642.lib : csl_dat.obj (.far)
                  00009f44    00000040     iic.obj (.far)
                  00009f88    00000030     cslDM642.lib : csl_timer.obj (.far)
                  00009fb8    00000028                  : csl.obj (.far)
                  00009fe0    00000014                  : csl_i2c.obj (.far)
                  00009ff8    00000010     rts6400.lib : sinf.obj (.far)
                  0000a008    00000010                 : cosf.obj (.far)
                  0000a018    0000000c     cslDM642.lib : csl_dat.obj (.far:_DAT_stateStruct)
                  0000a024    00000008     rts6400.lib : _lock.obj (.far)

.stack     0    0000a030    00000400     UNINITIALIZED
                  0000a030    00000008     rts6400.lib : boot.obj (.stack)

.bss       0    0000a430    000000c4     UNINITIALIZED
                  0000a430    00000065     dm642main.obj (.bss)
                  0000a498    00000034     vportcap.obj (.bss)
                  0000a4cc    00000028     vportdis.obj (.bss)

.switch    0    0000a4f4    00000034     
                  0000a4f4    00000024     dm642main.obj (.switch)
                  0000a518    00000010     rts6400.lib : frcdivd.obj (.switch)


GLOBAL SYMBOLS: SORTED ALPHABETICALLY BY Name 

address    name
--------   ----
0000a430   $bss
0000a430   .bss
00000000   .data
00000000   .text
00008de0   C$$EXIT
00000cdc   _Allpicture
00008d60   _CSLDM642_LIB_
00006c40   _DAT_copy
00004f40   _DAT_open
00007d60   _DAT_wait
00002874   _Dispicture
000063a0   _EDMA_allocTable
00008b20   _EDMA_clearChannel
00008260   _EDMA_disableChannel
00008300   _EDMA_enableChannel
00007760   _EDMA_intAlloc
00008b60   _EDMA_intFree
00005e00   _EDMA_open
00007e40   _EDMA_reset
00003fe0   _EVMDM642_wait
00004078   _EVMDM642_waitusec
00000f78   _GaussSmooth
000080e0   _I2C_open
00006dc0   _I2C_reset
00005fe0   _IRQ_map
00008d80   _IRQ_setVecs
000012ac   _LaplacianEdge
000098a8   _NTSC601_EXEC
000098b8   _NTSCSGP_EXEC
0000a494   _NTSCorPAL
000098c8   _PAL601_EXEC
000098d8   _PALSGP_EXEC
00009ec8   _SEEDDM642IIC_Config
00009f64   _SEEDDM642IIC_Configr
00009f44   _SEEDDM642IIC_Configt
00005be8   _SEEDDM642_rget
00005bd8   _SEEDDM642_rset
00005b20   _SEEDDM642_wait
00005bb8   _SEEDDM642_waitusec
00009ee8   _SEEDDM642percfg
00009e98   _Seeddm642ConfigA
00007500   _TIMER_open
00007860   _TIMER_reset
00003e5c   _VPCapChaAIsr
0000347c   _VPDispIsr
00007f20   _VP_open
00006f40   _VP_reset
00006aa0   __CSL_init
00009f00   __DAT_serialTable
0000a018   __DAT_stateStruct
00004320   __IIC_read
00004098   __IIC_write
00009be0   __IRQ_dispatchTable
00009b18   __IRQ_eventTable
00008d40   __IRQ_hookFetchPacket
000088a0   __IRQ_init
00009ba0   __IRQ_intTable
00000400   __STACK_SIZE
00009f88   __TIMER_deviceTable
00009fb4   __TIMER_hBios
00009fac   __TIMER_hDev0
00009fb0   __TIMER_hDev1
000098e8   __TVP51XX_settingsDef
ffffffff   ___binit__
0000a430   ___bss__
ffffffff   ___c_args__
00008e00   ___cinit__
00000000   ___data__
00000000   ___edata__
0000a4f4   ___end__
00008e00   ___etext__
ffffffff   ___pinit__
00000000   ___text__
00007240   __addd
000070c0   __addf
00008ba0   __args_main
00007960   __auto_init
00009dd0   __cleanup_ptr
000083a0   __cmpd
00008920   __cmpf
00008440   __cvtdf
000089a0   __cvtfd
00006560   __divd
00007a60   __divi
00009dd4   __dtors_ptr
000084e0   __fixdi
00008580   __fixfi
00008a00   __fltid
00008a60   __fltif
000058e0   __frcaddd
000055c0   __frcdivd
00007640   __frcmpyd
00008be0   __frcmpyf
0000a024   __lock
00006720   __mpyd
000073a0   __mpyf
00008c20   __negd
00008c60   __negf
00008da0   __nop
00007b60   __roundf
0000a030   __stack
00008ca0   __subd
00008ce0   __subf
00008dc0   __truncf
0000a028   __unlock
00008de0   _abort
00005280   _atan
000061c0   _atan2
00003b38   _bt656_8bit_ncfc
000030d4   _bt656_8bit_ncfd
00003b34   _bt656_capture_start
00003090   _bt656_display_start
00008ac0   _c_int00
0000a468   _capCbbuffer
800675c0   _capChaACbSpace
8009b0a0   _capChaACrSpace
0000a4b4   _capChaAFrameCount
0000a4c4   _capChaALongFieldDetect
0000a4b8   _capChaAOverrun
0000a4c0   _capChaAShortFieldDetect
0000a4bc   _capChaASyncError
80000000   _capChaAYSpace
0000a46c   _capCrbuffer
0000a4c8   _capNewFrame
0000a464   _capYbuffer
0000a43d   _chro_ctrl_2
00003560   _configVPCapEDMAChannel
00002a80   _configVPDispEDMAChannel
000047e0   _cosf
0000a474   _disCbbuffer
801675c0   _disChaACbSpace
8019b0a0   _disChaACrSpace
80100000   _disChaAYSpace
0000a478   _disCrbuffer
0000a4f0   _disNewFrame
0000a470   _disYbuffer
0000a4ec   _dispUnderrun
0000a4e8   _displayFrameCount
000017fc   _drawRectangle
0000a4ac   _edmaCapChaACbTccNum
0000a4b0   _edmaCapChaACrTccNum
0000a4a8   _edmaCapChaAYTccNum
0000a4e0   _edmaDispCbTccNum
0000a4e4   _edmaDispCrTccNum
0000a4dc   _edmaDispYTccNum
00009ca4   _errno
00007c60   _exit
000068e0   _frexp
000015cc   _getAngle
0000a4a0   _hEdmaVPCapChaACb
0000a4a4   _hEdmaVPCapChaACr
0000a49c   _hEdmaVPCapChaAY
0000a4d4   _hEdmaVPDispCb
0000a4d8   _hEdmaVPDispCr
0000a4d0   _hEdmaVPDispY
0000a430   _hSeeddm642i2c
0000a43b   _input_sel
0000a458   _intALines
0000a454   _intAPixels
0000a460   _intDLines
0000a45c   _intDPixels
00001fa0   _main
00008000   _memcpy
0000a439   _misc_ctrl
000086c0   _modff
0000a450   _numLines
0000a44c   _numPixels
0000a43a   _output_format
0000a43c   _pin_cfg
0000a434   _portNumber
00008760   _renormd
00000740   _rotate
00009c48   _sa7121hNTSC
00009be8   _sa7121hPAL
00003874   _setupVPCapChaAEDMA
00002db4   _setupVPDispEDMA
00004bc0   _sinf
00000400   _sobelEdge
00009df8   _tccAllocTable
0000a488   _tempAllbuffer
0000a480   _tempDisYbuffer
0000a48c   _tempDybuffer
0000a47c   _tempSrcYbuffer
0000a490   _tempThrebuffer
0000a484   _tempYbuffer
00000000   _threshold
0000a438   _vFromat
00005c20   _vector1
00005d40   _vector10
00005da0   _vector13
00005dc0   _vector14
00005de0   _vector15
00005c40   _vector2
00005c60   _vector3
00005c80   _vector4
00005ca0   _vector5
00005cc0   _vector6
00005ce0   _vector7
00005d00   _vector8
00005d20   _vector9
00005c00   _vectors
0000a498   _vpCaptureHandle
0000a4cc   _vpDisplayHandle
0000a440   _vpHchannel0
0000a444   _vpHchannel1
0000a448   _vpHchannel2
ffffffff   binit
00008e00   cinit
00000000   edata
0000a4f4   end
00008e00   etext
ffffffff   pinit


GLOBAL SYMBOLS: SORTED BY Symbol Address 

address    name
--------   ----
00000000   .data
00000000   .text
00000000   ___data__
00000000   ___edata__
00000000   ___text__
00000000   _threshold
00000000   edata
00000400   __STACK_SIZE
00000400   _sobelEdge
00000740   _rotate
00000cdc   _Allpicture
00000f78   _GaussSmooth
000012ac   _LaplacianEdge
000015cc   _getAngle
000017fc   _drawRectangle
00001fa0   _main
00002874   _Dispicture
00002a80   _configVPDispEDMAChannel
00002db4   _setupVPDispEDMA
00003090   _bt656_display_start
000030d4   _bt656_8bit_ncfd
0000347c   _VPDispIsr
00003560   _configVPCapEDMAChannel
00003874   _setupVPCapChaAEDMA
00003b34   _bt656_capture_start
00003b38   _bt656_8bit_ncfc
00003e5c   _VPCapChaAIsr
00003fe0   _EVMDM642_wait
00004078   _EVMDM642_waitusec
00004098   __IIC_write
00004320   __IIC_read
000047e0   _cosf
00004bc0   _sinf
00004f40   _DAT_open
00005280   _atan
000055c0   __frcdivd
000058e0   __frcaddd
00005b20   _SEEDDM642_wait
00005bb8   _SEEDDM642_waitusec
00005bd8   _SEEDDM642_rset
00005be8   _SEEDDM642_rget
00005c00   _vectors
00005c20   _vector1
00005c40   _vector2
00005c60   _vector3
00005c80   _vector4
00005ca0   _vector5
00005cc0   _vector6
00005ce0   _vector7
00005d00   _vector8
00005d20   _vector9
00005d40   _vector10
00005da0   _vector13
00005dc0   _vector14
00005de0   _vector15
00005e00   _EDMA_open
00005fe0   _IRQ_map
000061c0   _atan2
000063a0   _EDMA_allocTable
00006560   __divd
00006720   __mpyd
000068e0   _frexp
00006aa0   __CSL_init
00006c40   _DAT_copy
00006dc0   _I2C_reset
00006f40   _VP_reset
000070c0   __addf
00007240   __addd
000073a0   __mpyf
00007500   _TIMER_open
00007640   __frcmpyd
00007760   _EDMA_intAlloc
00007860   _TIMER_reset
00007960   __auto_init
00007a60   __divi
00007b60   __roundf
00007c60   _exit
00007d60   _DAT_wait
00007e40   _EDMA_reset
00007f20   _VP_open
00008000   _memcpy
000080e0   _I2C_open
00008260   _EDMA_disableChannel
00008300   _EDMA_enableChannel
000083a0   __cmpd
00008440   __cvtdf
000084e0   __fixdi
00008580   __fixfi
000086c0   _modff
00008760   _renormd
000088a0   __IRQ_init
00008920   __cmpf
000089a0   __cvtfd
00008a00   __fltid
00008a60   __fltif
00008ac0   _c_int00
00008b20   _EDMA_clearChannel
00008b60   _EDMA_intFree
00008ba0   __args_main
00008be0   __frcmpyf
00008c20   __negd
00008c60   __negf
00008ca0   __subd
00008ce0   __subf
00008d40   __IRQ_hookFetchPacket
00008d60   _CSLDM642_LIB_
00008d80   _IRQ_setVecs
00008da0   __nop
00008dc0   __truncf
00008de0   C$$EXIT
00008de0   _abort
00008e00   ___cinit__
00008e00   ___etext__
00008e00   cinit
00008e00   etext
000098a8   _NTSC601_EXEC
000098b8   _NTSCSGP_EXEC
000098c8   _PAL601_EXEC
000098d8   _PALSGP_EXEC
000098e8   __TVP51XX_settingsDef
00009b18   __IRQ_eventTable
00009ba0   __IRQ_intTable
00009be0   __IRQ_dispatchTable
00009be8   _sa7121hPAL
00009c48   _sa7121hNTSC
00009ca4   _errno
00009dd0   __cleanup_ptr
00009dd4   __dtors_ptr
00009df8   _tccAllocTable
00009e98   _Seeddm642ConfigA
00009ec8   _SEEDDM642IIC_Config
00009ee8   _SEEDDM642percfg
00009f00   __DAT_serialTable
00009f44   _SEEDDM642IIC_Configt
00009f64   _SEEDDM642IIC_Configr
00009f88   __TIMER_deviceTable
00009fac   __TIMER_hDev0
00009fb0   __TIMER_hDev1
00009fb4   __TIMER_hBios
0000a018   __DAT_stateStruct
0000a024   __lock
0000a028   __unlock
0000a030   __stack
0000a430   $bss
0000a430   .bss
0000a430   ___bss__
0000a430   _hSeeddm642i2c
0000a434   _portNumber
0000a438   _vFromat
0000a439   _misc_ctrl
0000a43a   _output_format
0000a43b   _input_sel
0000a43c   _pin_cfg
0000a43d   _chro_ctrl_2
0000a440   _vpHchannel0
0000a444   _vpHchannel1
0000a448   _vpHchannel2
0000a44c   _numPixels
0000a450   _numLines
0000a454   _intAPixels
0000a458   _intALines
0000a45c   _intDPixels
0000a460   _intDLines
0000a464   _capYbuffer
0000a468   _capCbbuffer
0000a46c   _capCrbuffer
0000a470   _disYbuffer
0000a474   _disCbbuffer
0000a478   _disCrbuffer
0000a47c   _tempSrcYbuffer
0000a480   _tempDisYbuffer
0000a484   _tempYbuffer
0000a488   _tempAllbuffer
0000a48c   _tempDybuffer
0000a490   _tempThrebuffer
0000a494   _NTSCorPAL
0000a498   _vpCaptureHandle
0000a49c   _hEdmaVPCapChaAY
0000a4a0   _hEdmaVPCapChaACb
0000a4a4   _hEdmaVPCapChaACr
0000a4a8   _edmaCapChaAYTccNum
0000a4ac   _edmaCapChaACbTccNum
0000a4b0   _edmaCapChaACrTccNum
0000a4b4   _capChaAFrameCount
0000a4b8   _capChaAOverrun
0000a4bc   _capChaASyncError
0000a4c0   _capChaAShortFieldDetect
0000a4c4   _capChaALongFieldDetect
0000a4c8   _capNewFrame
0000a4cc   _vpDisplayHandle
0000a4d0   _hEdmaVPDispY
0000a4d4   _hEdmaVPDispCb
0000a4d8   _hEdmaVPDispCr
0000a4dc   _edmaDispYTccNum
0000a4e0   _edmaDispCbTccNum
0000a4e4   _edmaDispCrTccNum
0000a4e8   _displayFrameCount
0000a4ec   _dispUnderrun
0000a4f0   _disNewFrame
0000a4f4   ___end__
0000a4f4   end
80000000   _capChaAYSpace
800675c0   _capChaACbSpace
8009b0a0   _capChaACrSpace
80100000   _disChaAYSpace
801675c0   _disChaACbSpace
8019b0a0   _disChaACrSpace
ffffffff   ___binit__
ffffffff   ___c_args__
ffffffff   ___pinit__
ffffffff   binit
ffffffff   pinit

[212 symbols]
